[ec2-user@ip-10-1-11-123 ~]$  mysql -u admin -p -h udacityprimarydb.celg4g2p2rax.us-east-1.rds.amazonaws.com
Enter password: 
Welcome to the MySQL monitor.  Commands end with ; or \g.
Your MySQL connection id is 33
Server version: 8.0.33 Source distribution

Copyright (c) 2000, 2023, Oracle and/or its affiliates.

Oracle is a registered trademark of Oracle Corporation and/or its
affiliates. Other names may be trademarks of their respective
owners.

Type 'help;' or '\h' for help. Type '\c' to clear the current input statement.

mysql> show databases;
+--------------------+
| Database           |
+--------------------+
| information_schema |
| mysql              |
| performance_schema |
| sys                |
| udacity            |
+--------------------+
5 rows in set (0.01 sec)

mysql> USE udacity
Database changed
mysql> SHOW TABLES;
Empty set (0.00 sec)

mysql> CREATE TABLE PET (name VARCHAR(20), owner VARCHAR(20),
    ->     -> species VARCHAR(20), sex CHAR(1), birth DATE, death DATE);
ERROR 1064 (42000): You have an error in your SQL syntax; check the manual that corresponds to your MySQL server version for the right syntax to use near '-> species VARCHAR(20), sex CHAR(1), birth DATE, death DATE)' at line 2
mysql> CREATE TABLE pet (name VARCHAR(20), owner VARCHAR(20),
    -> species VARCHAR(20), sex CHAR(1), birth DATE, death DATE);
Query OK, 0 rows affected (0.05 sec)

mysql> INSERT INTO pet
    ->  VALUES ('Puddball','hoang','hqmstqr','f','2000-03-30',NULL);
Query OK, 1 row affected (0.00 sec)

mysql> SELECT * FROM pet;
+----------+-------+---------+------+------------+-------+
| name     | owner | species | sex  | birth      | death |
+----------+-------+---------+------+------------+-------+
| Puddball | hoang | hqmstqr | f    | 2000-03-30 | NULL  |
+----------+-------+---------+------+------------+-------+
1 row in set (0.00 sec)

mysql> INSERT INTO pet
    -> VALUES ('Doremon','hoanglong','cat-long','m','2000-11-23',NULL);
Query OK, 1 row affected (0.01 sec)

mysql> SELECT * FROM pet;
+----------+-----------+----------+------+------------+-------+
| name     | owner     | species  | sex  | birth      | death |
+----------+-----------+----------+------+------------+-------+
| Puddball | hoang     | hqmstqr  | f    | 2000-03-30 | NULL  |
| Doremon  | hoanglong | cat-long | m    | 2000-11-23 | NULL  |
+----------+-----------+----------+------+------------+-------+
2 rows in set (0.00 sec)

mysql> 